
> aeroturbine-temp@0.1.0 build
> next build

node.exe : Warning: Custom Cache-Control headers detected for the following routes:
At line:1 char:1
+ & "C:\Program Files\nodejs/node.exe" "C:\Users\md majdi\AppData\Roami ...
+ ~~~~~~~~~~~~~~~~~~~~~~~~~~~~~~~~~~~~~~~~~~~~~~~~~~~~~~~~~~~~~~~~~~~~~
    + CategoryInfo          : NotSpecified: (Warning: Custom...llowing routes::String) [], RemoteException
    + FullyQualifiedErrorId : NativeCommandError
 
  - /_next/static/:path*

Setting a custom Cache-Control header can break Next.js development behavior.
Γû▓ Next.js 16.2.9 (Turbopack)
- Environments: .env.local
- Experiments (use with caution):
  ┬╖ optimizePackageImports
  Γ£ô webpackMemoryOptimizations

ΓÜá The "middleware" file convention is deprecated. Please use "proxy" instead. Learn more: 
https://nextjs.org/docs/messages/middleware-to-proxy
  Creating an optimized production build ...
Γ£ô Compiled successfully in 17.1s
  Running TypeScript ...
  Finished TypeScript in 21.0s ...
  Collecting page data using 11 workers ...
  Generating static pages using 11 workers (0/115) ...
  Generating static pages using 11 workers (28/115) 
  Generating static pages using 11 workers (57/115) 
  Generating static pages using 11 workers (86/115) 
Γ£ô Generating static pages using 11 workers (115/115) in 1970ms
  Finalizing page optimization ...

Route (app)
Γöî Γùï /
Γö£ Γùï /_not-found
Γö£ ╞Æ /[country]
Γö£ ╞Æ /[country]/about
Γö£ ╞Æ /[country]/blog
Γö£ ╞Æ /[country]/blog/[slug]
Γö£ ╞Æ /[country]/blog/category/[slug]
Γö£ ╞Æ /[country]/blog/tag/[slug]
Γö£ ╞Æ /[country]/catalog
Γö£ ╞Æ /[country]/catalog/[id]
Γö£ ╞Æ /[country]/contact
Γö£ ╞Æ /[country]/industries
Γö£ ╞Æ /[country]/industries/[slug]
Γö£ ╞Æ /[country]/parts/[slug]
Γö£ ╞Æ /[country]/parts/compare
Γö£ ╞Æ /[country]/privacy
Γö£ ╞Æ /[country]/products/[slug]
Γö£ ╞Æ /[country]/quality
Γö£ ╞Æ /[country]/terms
Γö£ Γùï /about
Γö£ Γùï /admin
Γö£ Γùï /admin/branding
Γö£ Γùï /admin/categories
Γö£ Γùï /admin/category-items
Γö£ Γùï /admin/chat
Γö£ Γùï /admin/contacts
Γö£ Γùï /admin/export
Γö£ Γùï /admin/inventory
Γö£ Γùï /admin/knowledge-base
Γö£ Γùï /admin/newsletter
Γö£ Γùï /admin/notifications
Γö£ Γùï /admin/parts
Γö£ Γùï /admin/pending-submissions
Γö£ Γùï /admin/rfqs
Γö£ Γùï /admin/users
Γö£ ╞Æ /api/branding
Γö£ ╞Æ /api/branding/upload
Γö£ ╞Æ /api/chat/ai
Γö£ ╞Æ /api/chat/conversations
Γö£ ╞Æ /api/chat/conversations/[id]
Γö£ ╞Æ /api/chat/knowledge-base
Γö£ ╞Æ /api/chat/send
Γö£ ╞Æ /api/dev/db-config
Γö£ ╞Æ /api/excel-feed
Γö£ ╞Æ /api/geo
Γö£ ╞Æ /api/notifications
Γö£ ╞Æ /api/notifications/[id]
Γö£ ╞Æ /api/notifications/count
Γö£ ╞Æ /api/notifications/read-all
Γö£ ╞Æ /api/notifications/settings
Γö£ ╞Æ /api/pending
Γö£ ╞Æ /api/pending/[id]
Γö£ ╞Æ /api/pending/batch
Γö£ ╞Æ /api/whatsapp/webhook
Γö£ Γùï /blog
Γö£ ╞Æ /blog/[slug]
Γö£ ╞Æ /blog/category/[slug]
Γö£ ╞Æ /blog/tag/[slug]
Γö£ ╞Æ /catalog
Γö£ ╞Æ /catalog/[id]
Γö£ Γùï /contact
Γö£ Γùï /dashboard
Γö£ Γùï /dashboard/ai-tools
Γö£ Γùï /dashboard/approvals
Γö£ Γùï /dashboard/categories
Γö£ Γùï /dashboard/comments
Γö£ Γùï /dashboard/media
Γö£ Γùï /dashboard/orders
Γö£ Γùï /dashboard/parts
Γö£ Γùï /dashboard/posts
Γö£ ╞Æ /dashboard/posts/edit/[id]
Γö£ Γùï /dashboard/posts/new
Γö£ ╞Æ /dashboard/posts/versions/[id]
Γö£ Γùï /dashboard/profile
Γö£ Γùï /dashboard/redirects
Γö£ Γùï /dashboard/rfqs
Γö£ Γùï /dashboard/saved
Γö£ Γùï /dashboard/schemas
Γö£ Γùï /dashboard/seo
Γö£ Γùï /dashboard/seo/content
Γö£ Γùï /dashboard/seo/link-checker
Γö£ Γùï /dashboard/seo/link-equity
Γö£ Γùï /dashboard/seo/meta
Γö£ Γùï /dashboard/seo/performance
Γö£ Γùï /dashboard/seo/schemas
Γö£ Γùï /dashboard/seo/sitemap
Γö£ Γùï /dashboard/settings
Γö£ Γùï /dashboard/sitemap
Γö£ Γùï /dashboard/tags
Γö£ Γùï /dev
Γö£ Γùï /dev/activity
Γö£ Γùï /dev/analytics
Γö£ Γùï /dev/audit
Γö£ Γùï /dev/auth-settings
Γö£ Γùï /dev/backup
Γö£ Γùï /dev/config
Γö£ Γùï /dev/config-providers
Γö£ Γùï /dev/console
Γö£ Γùï /dev/databases
Γö£ Γùï /dev/features
Γö£ Γùï /dev/git
Γö£ Γùï /dev/logs
Γö£ Γùï /dev/migrations
Γö£ Γùï /dev/monitor
Γö£ Γùï /dev/notifications
Γö£ Γùï /dev/permissions
Γö£ Γùï /dev/recovery
Γö£ Γùï /dev/scheduled-tasks
Γö£ Γùï /dev/security
Γö£ Γùï /dev/security/country-blocks
Γö£ Γùï /dev/security/firewall
Γö£ Γùï /dev/stats
Γö£ Γùï /dev/storage
Γö£ Γùï /dev/tenants
Γö£ Γùï /dev/terminal
Γö£ Γùï /dev/users
Γö£ Γùï /dev/vault
Γö£ Γùï /industries
Γö£ ╞Æ /industries/[slug]
Γö£ Γùï /inventory
Γö£ Γùï /login
Γö£ Γùï /manifest.webmanifest
Γö£ Γùï /notifications
Γö£ ╞Æ /parts/[slug]
Γö£ Γùï /parts/compare
Γö£ Γùï /privacy
Γö£ ╞Æ /products/[slug]
Γö£ Γùï /quality
Γö£ Γùï /register
Γö£ ╞Æ /rfq
Γö£ Γùï /robots.txt
Γö£ ╞Æ /sitemap.xml
Γö£ Γùï /superadmin
Γö£ Γùï /superadmin/audit-logs
Γö£ Γùï /superadmin/backup
Γö£ Γùï /superadmin/export
Γö£ Γùï /superadmin/features
Γö£ Γùï /superadmin/notification-settings
Γö£ Γùï /superadmin/permissions
Γö£ Γùï /superadmin/settings
Γö£ Γùï /superadmin/users
Γö£ Γùï /terms
Γöö Γùï /unauthorized


╞Æ Proxy (Middleware)

Γùï  (Static)   prerendered as static content
╞Æ  (Dynamic)  server-rendered on demand

